// Jest Snapshot v1, https://goo.gl/fbAQLP

exports[`createFormatterExpression Create formatter expression with properties 1`] = `"format.float(\${net_amount}, {"decimals":2,"style":"short"})"`;

exports[`createFormatterExpression Create formatter expression with properties 2`] = `"format.float(\${net_amount}, {"decimals":0,"style":"long"})"`;

exports[`getDefaultPropertyFormatterConfigForNavProperties Validate if the date FormatterConfigurations are getting updated correctly for the navProperties provided 1`] = `
[
  {
    "displayName": "Date Time",
    "formatterName": "format.dateTime",
    "parameters": [
      {
        "defaultValue": "",
        "displayName": "Options",
        "name": "options",
        "properties": [
          {
            "defaultValue": false,
            "displayName": "Relative",
            "name": "relative",
            "type": "boolean",
          },
          {
            "defaultValue": false,
            "displayName": "UTC",
            "name": "UTC",
            "selected": true,
            "type": "boolean",
          },
        ],
        "type": "object",
      },
    ],
    "property": "DraftAdministrativeData/CreatedAt",
    "type": "Date",
    "visible": true,
  },
  {
    "displayName": "Date Time",
    "formatterName": "format.dateTime",
    "parameters": [
      {
        "defaultValue": "",
        "displayName": "Options",
        "name": "options",
        "properties": [
          {
            "defaultValue": false,
            "displayName": "Relative",
            "name": "relative",
            "type": "boolean",
          },
          {
            "defaultValue": false,
            "displayName": "UTC",
            "name": "UTC",
            "selected": true,
            "type": "boolean",
          },
        ],
        "type": "object",
      },
    ],
    "property": "DraftAdministrativeData/CreationDateTime",
    "type": "Date",
    "visible": true,
  },
  {
    "displayName": "Date",
    "formatterName": "format.date",
    "parameters": [
      {
        "defaultValue": "",
        "displayName": "Options",
        "name": "options",
        "properties": [
          {
            "defaultValue": false,
            "displayName": "UTC",
            "name": "UTC",
            "selected": true,
            "type": "boolean",
          },
        ],
        "type": "object",
      },
    ],
    "property": "to_BPAContact/DateOfBirth",
    "type": "Date",
    "visible": true,
  },
  {
    "displayName": "Date",
    "formatterName": "format.date",
    "parameters": [
      {
        "defaultValue": "",
        "displayName": "Options",
        "name": "options",
        "properties": [
          {
            "defaultValue": false,
            "displayName": "UTC",
            "name": "UTC",
            "selected": true,
            "type": "boolean",
          },
        ],
        "type": "object",
      },
    ],
    "property": "to_BPAContact/ChangeAt",
    "type": "Date",
    "visible": true,
  },
]
`;
