// Jest Snapshot v1, https://goo.gl/fbAQLP

exports[`I18nHelper, createAndStoreGeneratedi18nKeys Manifest is generated with I18N properties, with bindings 1`] = `
{
  "_version": "1.15.0",
  "sap.app": {
    "applicationVersion": {
      "version": "1.0.0",
    },
    "description": "{card_description}",
    "id": "objectCard",
    "subTitle": "{card_subtitle}",
    "title": "{card_title}",
    "type": "card",
  },
  "sap.card": {
    "configuration": {
      "parameters": {
        "_adaptiveFooterActionParameters": {
          "com.sap.gateway.srvd.c_salesordermanage_sd.v0001.SetBillingBlock(com.sap.gateway.srvd.c_salesordermanage_sd.v0001.SalesOrderManageType)": {
            "actionParameters": [
              {
                "configuration": {
                  "entitySet": "I_BillingBlockReason",
                  "serviceUrl": "/sap/opu/odata4/sap/c_salesordermanage_srv/srvd_f4/sap/i_billingblockreason/0001;ps=%27srvd-c_salesordermanage_sd-0001%27;va=%27com.sap.gateway.srvd.c_salesordermanage_sd.v0001.ae-c_salesordermanage.setbillingblock.headerbillingblockreason.SalesOrderManageType%27/I_BillingBlockReason?$select=BillingBlockReason,BillingBlockReason_Text&skip=0&$top=20",
                  "title": "\${BillingBlockReason}",
                  "value": "\${BillingBlockReason_Text} (\${BillingBlockReason})",
                },
                "errorMessage": "{{CardGenerator_AdaptiveCardAction_ActionParameterErrorMsg}}",
                "id": "HeaderBillingBlockReason",
                "isRequired": true,
                "label": "{{CardGenerator_AdaptiveCardAction_0_ActionParameterLabel_0}}",
                "placeholder": "{{CardGenerator_AdaptiveCardAction_ActionParameterPlaceholder}}",
              },
            ],
            "complimentaryActionKey": "",
            "data": {
              "isConfirmationRequired": false,
            },
            "enablePath": "__OperationControl/SetBillingBlock",
            "isComplimentaryAction": false,
            "label": "{{CardGenerator_AdaptiveCardActions_0_Label}}",
            "style": "default",
            "triggerActionText": "{{CardGenerator_AdaptiveCardActions_OkButton}}",
            "verb": "com.sap.gateway.srvd.c_salesordermanage_sd.v0001.SetBillingBlock",
          },
          "com.sap.gateway.srvd.c_salesordermanage_sd.v0001.SetDeliveryBlock(com.sap.gateway.srvd.c_salesordermanage_sd.v0001.SalesOrderManageType)": {
            "actionParameters": [
              {
                "configuration": {
                  "entitySet": "I_DeliveryBlockReason",
                  "serviceUrl": "/sap/opu/odata4/sap/c_salesordermanage_srv/srvd_f4/sap/i_deliveryblockreason/0001;ps=%27srvd-c_salesordermanage_sd-0001%27;va=%27com.sap.gateway.srvd.c_salesordermanage_sd.v0001.ae-c_salesordermanage.setdeliveryblock.deliveryblockreason.SalesOrderManageType%27/I_DeliveryBlockReason?$select=DeliveryBlockReason,DeliveryBlockReason_Text&skip=0&$top=20",
                  "title": "\${DeliveryBlockReason}",
                  "value": "\${DeliveryBlockReason_Text} (\${DeliveryBlockReason})",
                },
                "errorMessage": "{{CardGenerator_AdaptiveCardAction_ActionParameterErrorMsg}}",
                "id": "DeliveryBlockReason",
                "isRequired": true,
                "label": "{{CardGenerator_AdaptiveCardAction_1_ActionParameterLabel_0}}",
                "placeholder": "{{CardGenerator_AdaptiveCardAction_ActionParameterPlaceholder}}",
              },
            ],
            "complimentaryActionKey": "",
            "data": {
              "isConfirmationRequired": false,
            },
            "enablePath": "__OperationControl/SetDeliveryBlock",
            "isComplimentaryAction": false,
            "label": "{{CardGenerator_AdaptiveCardActions_1_Label}}",
            "style": "default",
            "triggerActionText": "{{CardGenerator_AdaptiveCardActions_OkButton}}",
            "verb": "com.sap.gateway.srvd.c_salesordermanage_sd.v0001.SetDeliveryBlock",
          },
        },
        "footerActionParameters": {
          "com.sap.gateway.srvd.c_salesordermanage_sd.v0001.SetBillingBlock(com.sap.gateway.srvd.c_salesordermanage_sd.v0001.SalesOrderManageType)": {},
          "com.sap.gateway.srvd.c_salesordermanage_sd.v0001.SetDeliveryBlock(com.sap.gateway.srvd.c_salesordermanage_sd.v0001.SalesOrderManageType)": {},
        },
      },
    },
    "content": {
      "data": {
        "path": "",
      },
      "groups": [
        {
          "items": [
            {
              "label": "{{CardGeneratorGroupPropertyLabel_Groups_0_Items_0}}",
              "value": "{sales_order_id}",
            },
          ],
          "title": "{{CardGeneratorGroupHeader_Groups_0}}",
        },
      ],
    },
    "data": {},
    "footer": {
      "actionsStrip": [
        {
          "actions": [
            {
              "enabled": "\${__OperationControl/SetBillingBlock}",
              "parameters": "{{parameters.footerActionParameters.com.sap.gateway.srvd.c_salesordermanage_sd.v0001.SetBillingBlock(com.sap.gateway.srvd.c_salesordermanage_sd.v0001.SalesOrderManageType)}}",
              "type": "custom",
            },
          ],
          "buttonType": "Default",
          "text": "{{CardGenerator_AdaptiveCardActions_0_Label}}",
          "type": "Button",
          "visible": false,
        },
        {
          "actions": [
            {
              "enabled": "\${__OperationControl/SetDeliveryBlock}",
              "parameters": "{{parameters.footerActionParameters.com.sap.gateway.srvd.c_salesordermanage_sd.v0001.SetDeliveryBlock(com.sap.gateway.srvd.c_salesordermanage_sd.v0001.SalesOrderManageType)}}",
              "type": "custom",
            },
          ],
          "buttonType": "Default",
          "text": "{{CardGenerator_AdaptiveCardActions_1_Label}}",
          "type": "Button",
          "visible": false,
        },
      ],
    },
    "header": {
      "data": {},
      "title": "{sales_order_id}",
    },
    "type": "Object",
  },
}
`;

exports[`I18nHelper, createAndStoreGeneratedi18nKeys Manifest is generated with I18N properties, with values 1`] = `
{
  "_version": "1.15.0",
  "sap.app": {
    "applicationVersion": {
      "version": "1.0.0",
    },
    "description": "Card Description",
    "id": "objectCard",
    "subTitle": "Card Subtitle",
    "title": "{{CardGeneratorHeaderTitle}}",
    "type": "card",
  },
  "sap.card": {
    "content": {
      "data": {
        "path": "",
      },
      "groups": [
        {
          "items": [
            {
              "label": "{{CardGeneratorGroupPropertyLabel_Groups_0_Items_0}}",
              "value": "{sales_order_id}",
            },
            {
              "label": "{{CardGeneratorGroupPropertyLabel_Groups_0_Items_1}}",
              "value": "{sales_order_id_2}",
            },
          ],
          "title": "{{CardGeneratorGroupHeader_Groups_0}}",
        },
        {
          "items": [
            {
              "label": "",
              "value": "{sales_order_id}",
            },
          ],
          "title": "",
        },
      ],
    },
    "data": {},
    "header": {
      "data": {},
      "title": "{{CardGeneratorHeaderTitle}}",
    },
    "type": "Object",
  },
}
`;
