// Jest Snapshot v1, https://goo.gl/fbAQLP

exports[`CompactFormatterSelection createControl sets up controls correctly 1`] = `
[
  {
    "displayName": "Format Date",
    "formatterName": "format.date",
    "parameters": [
      {
        "defaultValue": "",
        "displayName": "Options",
        "name": "options",
        "properties": [
          {
            "defaultValue": false,
            "displayName": "UTC",
            "name": "UTC",
            "type": "boolean",
          },
        ],
        "type": "object",
      },
    ],
    "type": "Date",
    "visible": true,
  },
]
`;

exports[`CompactFormatterSelection createControl sets up controls correctly 2`] = `
[
  {
    "displayName": "Format Date",
    "formatterName": "format.date",
    "parameters": [
      {
        "defaultValue": "",
        "displayName": "Options",
        "name": "options",
        "properties": [
          {
            "defaultValue": false,
            "displayName": "UTC",
            "name": "UTC",
            "type": "boolean",
          },
        ],
        "type": "object",
      },
    ],
    "type": "Date",
    "visible": true,
  },
]
`;

exports[`CompactFormatterSelection createControl sets up controls correctly 3`] = `
[
  {
    "displayName": "Format Date",
    "formatterName": "format.date",
    "parameters": [
      {
        "defaultValue": "",
        "displayName": "Options",
        "name": "options",
        "properties": [
          {
            "defaultValue": false,
            "displayName": "UTC",
            "name": "UTC",
            "type": "boolean",
          },
        ],
        "type": "object",
      },
    ],
    "type": "Date",
    "visible": true,
  },
]
`;

exports[`CompactFormatterSelection createControl sets up controls correctly 4`] = `
[
  {
    "displayName": "Format Date",
    "formatterName": "format.date",
    "parameters": [
      {
        "defaultValue": "",
        "displayName": "Options",
        "name": "options",
        "properties": [
          {
            "defaultValue": false,
            "displayName": "UTC",
            "name": "UTC",
            "type": "boolean",
          },
        ],
        "type": "object",
      },
    ],
    "type": "Date",
    "visible": true,
  },
]
`;

exports[`CompactFormatterSelection createControl sets up controls correctly 5`] = `
[
  {
    "displayName": "Format Percent",
    "formatterName": "format.percent",
    "parameters": [],
    "type": "numeric",
    "visible": true,
  },
]
`;

exports[`CompactFormatterSelection createControl sets up controls correctly 6`] = `
[
  {
    "displayName": "Format Value with Percentage",
    "formatterName": "extension.formatters.formatWithPercentage",
    "parameters": [],
    "type": "string",
    "visible": true,
  },
]
`;
